intyg-id
e9b7dc20-beef-4609-aaf1-cb1f381b3817
60b8da18-39cc-4ad2-b2aa-f8b8a53fd13c
5034e7b2-6e9f-4229-92ef-88a53951ad61
761bac7d-5114-4cbb-94c0-eefba4c9e134
d3e2e6ee-0d80-4a2e-aaf3-bd275394cc7d
e284c53d-42dc-4ef6-b5c1-083826c0330b
61e7ae98-e531-4e43-8fec-fcbfcbb88397
6abd4c34-1ea1-4388-9a38-5c39494ec068
6d69ea80-bcd5-40e3-8bb4-87eea0114594
72913e9c-0f1a-4128-b702-4fadf685d8ce
78bd87e2-77c2-42f2-834f-31bd3dd4924f
8424a54b-4861-4c32-a87e-f6eab8b6a79b
89f08f59-46ad-4e1e-a6c6-41449b5008cc
b08bcaf5-0d56-4e84-baf0-7836dfe1cf56
cf7005e3-50a9-4efb-956d-f82776e6c753
d1413f24-8fd1-4a77-8df9-1a8f31f31c39
a7075128-1760-4f66-890a-6fe1acc4f3ce
cc58db69-bfc5-43cb-9e22-f08cedc392a3
07cb66d2-cd23-4587-abeb-ef665820c502
0b1ea051-da6a-49e5-adeb-d68ecdc4b8a0
23a120a2-bbec-4faf-9b0e-1b2bbc35a8f5
27793a6d-9bd0-4ab5-a12a-f72967992753
30b2e46c-a1e9-4c76-ba3d-8402c8c8a28d
4068da53-b96b-4d4b-b58b-b1e27f2af11f
4af40c69-f8e8-4f19-831b-4af7c28c19f1
